[FATAL]: A test message: 3.140000
[ERROR]: A test message: 3.140000
[WARN]:  A test message: 3.140000
[INFO]:  A test message: 3.140000
[DEBUG]: A test message: 3.140000
[TRACE]: A test message: 3.140000
[INFO]:  Input subsystem initialized.
[INFO]:  Event system initialized at 0x7fffb7950580, size 131080
[DEBUG]: Window resize: 1280 1405
[WARN]:  renderer_state_ptr->backend does not exist to accept resize.
[TRACE]: Loader '0' registered.
[TRACE]: Loader '1' registered.
[TRACE]: Loader '2' registered.
[TRACE]: Loader '3' registered.
[TRACE]: Loader '5' registered.
[INFO]:  Resource system loaded with base path: './assets'
[DEBUG]: Required Extensions:
[DEBUG]: VK_KHR_surface
[DEBUG]: VK_KHR_wayland_surface
[DEBUG]: VK_EXT_debug_utils
[INFO]:  Validation layers enabled. Enumerating...
[INFO]:  Searching for layer: VK_LAYER_KHRONOS_validation.
[INFO]:  Found.
[INFO]:  All required validation layers are present.
[INFO]:  Vulkan instance created.
[DEBUG]: Creating Vulkan debugger...
[DEBUG]: Vulkan debugger created.
[DEBUG]: Creating Vulkan surface...
[DEBUG]: Vulkan surface created.
[INFO]:  linux_read_sorted_physical_devices:
[INFO]:       Original order:
[INFO]:             [0] NVIDIA GeForce RTX 4090
[INFO]:       Sorted order:
[INFO]:             [0] NVIDIA GeForce RTX 4090  
[INFO]:  linux_read_sorted_physical_devices:
[INFO]:       Original order:
[INFO]:             [0] NVIDIA GeForce RTX 4090
[INFO]:       Sorted order:
[INFO]:             [0] NVIDIA GeForce RTX 4090  
[INFO]:  Evaluating device: 'NVIDIA GeForce RTX 4090', index '0'.
[INFO]:  Graphics | Present | Compute | Transfer | Name
[INFO]:         1 |       1 |       1 |        1 | NVIDIA GeForce RTX 4090
[INFO]:  Device meets queue requirements.
[TRACE]: Graphics Family Index: 0
[TRACE]: Present Family Index: 0
[TRACE]: Transfer Family Index: 5
[TRACE]: Compute Family Index: 2
[INFO]:  Selected device: 'NVIDIA GeForce RTX 4090'.
[INFO]:  Device type discrete.
[INFO]:  GPU Driver version: 580.420.512
[INFO]:  Vulkan API version: 1.4.312
[INFO]:  Local GPU memory: 23.99 GiB
[INFO]:  Shared system memory: 23.45 GiB
[INFO]:  Physical device selected.
[INFO]:  Creating logical device...
[INFO]:  Inserted device layer "VK_LAYER_KHRONOS_validation" (/usr/lib/libVkLayer_khronos_validation.so)
[INFO]:  Inserted device layer "VK_LAYER_MND_enable_timeline_semaphore" (/usr/lib/libVkLayer_MND_enable_timeline_semaphore.so)
[INFO]:  vkCreateDevice layer callstack setup to:
[INFO]:     <Application>
[INFO]:       ||
[INFO]:     <Loader>
[INFO]:       ||
[INFO]:     VK_LAYER_MND_enable_timeline_semaphore
[INFO]:             Type: Implicit
[INFO]:             Enabled By: Implicit Layer
[INFO]:                 Disable Env Var:  NO_ENABLE_TIMELINE_SEMAPHORE
[INFO]:             Manifest: /usr/share/vulkan/implicit_layer.d/VkLayer_MND_enable_timeline_semaphore.json
[INFO]:             Library:  /usr/lib/libVkLayer_MND_enable_timeline_semaphore.so
[INFO]:       ||
[INFO]:     VK_LAYER_KHRONOS_validation
[INFO]:             Type: Explicit
[INFO]:             Enabled By: By the Application
[INFO]:             Manifest: /usr/share/vulkan/explicit_layer.d/VkLayer_khronos_validation.json
[INFO]:             Library:  /usr/lib/libVkLayer_khronos_validation.so
[INFO]:       ||
[INFO]:     <Device>
[INFO]:         Using "NVIDIA GeForce RTX 4090" with driver: "/usr/lib/libGLX_nvidia.so.0"
[INFO]:  Logic device created.
[INFO]:  Queues obtained.
[INFO]:  Graphics command pool has been created.
[INFO]:  Swapchain created successfully!
[INFO]:  Vulkan command buffers created.
[INFO]:  Vulkan renderer initialized successfully!
[WARN]:  vkCreateGraphicsPipelines(): pCreateInfos[0] (SPIR-V Interface) VK_SHADER_STAGE_VERTEX_BIT declared to output location 0 Component 0 but is not an Input declared by VK_SHADER_STAGE_FRAGMENT_BIT.
[DEBUG]: Graphics pipeline created.
[DEBUG]: Graphics pipeline created.
[TRACE]: Creating default texture...
[WARN]:  Freelists are inefficient for small amounts of memory.
[TRACE]: vulkan_renderer_create_geometry - Upload data range 2
[WARN]:  Freelists are inefficient for small amounts of memory.
[ERROR]: vulkan_buffer_allocate - required valid buffer and size.
[WARN]:  Freelists are inefficient for small amounts of memory.
[TRACE]: vulkan_renderer_create_geometry - Upload data range 2
[WARN]:  Freelists are inefficient for small amounts of memory.
[ERROR]: vulkan_buffer_allocate - required valid buffer and size.
[TRACE]: vulkan_renderer_create_geometry - Upload data range 2
[WARN]:  Freelists are inefficient for small amounts of memory.
[TRACE]: vulkan_renderer_create_geometry - Upload data range 2
[WARN]:  Freelists are inefficient for small amounts of memory.
[DEBUG]: game_initialize() called!
[INFO]:  System memory use (tagged):
  UNKNOWN          : 0.00B
  ARRAY            : 24.00B
  LINEAR ALLOCATOR : 64.00MiB
  DARRAY           : 7.02KiB
  DICT             : 0.00B
  RING_QUEUE       : 0.00B
  BST              : 0.00B
  STRING           : 228.00B
  APPLICATION      : 240.00B
  JOB              : 0.00B
  TEXTURE          : 120.00B
  MATERIAL_INSTANCE: 0.00B
  RENDERER         : 49.35MiB
  GAME             : 175.00B
  TRANSFORM        : 0.00B
  ENTITY           : 0.00B
  ENTITY_NODE      : 0.00B
  SCENE            : 0.00B
  SHADER           : 4.16KiB

[ERROR]: vkCmdPushConstants(): is called with
stageFlags (VK_SHADER_STAGE_VERTEX_BIT|VK_SHADER_STAGE_FRAGMENT_BIT), offset (128), size (64)
but the VkPipelineLayout 0x280000000028 doesn't have a VkPushConstantRange with VK_SHADER_STAGE_VERTEX_BIT|VK_SHADER_STAGE_FRAGMENT_BIT.
The Vulkan spec states: For each byte in the range specified by offset and size and for each shader stage in stageFlags, there must be a push constant range in layout that includes that byte and that stage (https://docs.vulkan.org/spec/latest/chapters/descriptorsets.html#VUID-vkCmdPushConstants-offset-01795)
